2025-11-24 17:12:51,940 - INFO - 找到 5 個 PDF 文件
2025-11-24 17:12:51,940 - INFO - 輸出目錄: .
2025-11-24 17:12:51,940 - INFO - 分類代碼: IF
2025-11-24 17:12:51,940 - INFO - 最大並行數: 1
2025-11-24 17:12:51,941 - INFO - 開始處理: 2022_LAION_5B.pdf -> IF_2022_LAION_5B_20251124
2025-11-24 17:12:51,941 - INFO - [IF_2022_LAION_5B_20251124] 獲取鎖，開始執行 OLMoCR
2025-11-24 17:13:24,663 - INFO - 找到 5 個 PDF 文件
2025-11-24 17:13:24,663 - INFO - 輸出目錄: .
2025-11-24 17:13:24,663 - INFO - 分類代碼: IF
2025-11-24 17:13:24,664 - INFO - 最大並行數: 1
2025-11-24 17:13:24,664 - INFO - 開始處理: 2022_LAION_5B.pdf -> IF_2022_LAION_5B_20251124
2025-11-24 17:13:24,664 - INFO - [IF_2022_LAION_5B_20251124] 獲取鎖，開始執行 OLMoCR
2025-11-24 17:27:23,093 - INFO - [IF_2022_LAION_5B_20251124] 結果已移動到臨時工作區: outputs/temp/IF_2022_LAION_5B_20251124
2025-11-24 17:27:23,093 - INFO - [IF_2022_LAION_5B_20251124] 釋放鎖
2025-11-24 17:27:23,099 - INFO - 處理完成: 2022_LAION_5B.pdf
2025-11-24 17:27:23,100 - INFO - 已清理臨時工作區: outputs/temp/IF_2022_LAION_5B_20251124
2025-11-24 17:27:23,100 - INFO - 開始處理: 2023_RefinedWeb.pdf -> IF_2023_RefinedWeb_20251124
2025-11-24 17:27:23,100 - INFO - [IF_2023_RefinedWeb_20251124] 獲取鎖，開始執行 OLMoCR
2025-11-24 17:39:45,181 - INFO - [IF_2023_RefinedWeb_20251124] 結果已移動到臨時工作區: outputs/temp/IF_2023_RefinedWeb_20251124
2025-11-24 17:39:45,181 - INFO - [IF_2023_RefinedWeb_20251124] 釋放鎖
2025-11-24 17:39:45,190 - INFO - 處理完成: 2023_RefinedWeb.pdf
2025-11-24 17:39:45,190 - INFO - 已清理臨時工作區: outputs/temp/IF_2023_RefinedWeb_20251124
2025-11-24 17:39:45,190 - INFO - 開始處理: 2020_Scaling_Laws.pdf -> IF_2020_Scaling_Laws_20251124
2025-11-24 17:39:45,190 - INFO - [IF_2020_Scaling_Laws_20251124] 獲取鎖，開始執行 OLMoCR
2025-11-24 17:44:28,625 - INFO - [IF_2020_Scaling_Laws_20251124] 結果已移動到臨時工作區: outputs/temp/IF_2020_Scaling_Laws_20251124
2025-11-24 17:44:28,625 - INFO - [IF_2020_Scaling_Laws_20251124] 釋放鎖
2025-11-24 17:44:28,631 - INFO - 處理完成: 2020_Scaling_Laws.pdf
2025-11-24 17:44:28,632 - INFO - 已清理臨時工作區: outputs/temp/IF_2020_Scaling_Laws_20251124
2025-11-24 17:44:28,632 - INFO - 開始處理: 2019_ZeRO.pdf -> IF_2019_ZeRO_20251124
2025-11-24 17:44:28,632 - INFO - [IF_2019_ZeRO_20251124] 獲取鎖，開始執行 OLMoCR
2025-11-24 17:57:00,226 - INFO - [IF_2019_ZeRO_20251124] 結果已移動到臨時工作區: outputs/temp/IF_2019_ZeRO_20251124
2025-11-24 17:57:00,226 - INFO - [IF_2019_ZeRO_20251124] 釋放鎖
2025-11-24 17:57:00,232 - INFO - 處理完成: 2019_ZeRO.pdf
2025-11-24 17:57:00,233 - INFO - 已清理臨時工作區: outputs/temp/IF_2019_ZeRO_20251124
2025-11-24 17:57:00,233 - INFO - 開始處理: 2024_MegaScale.pdf -> IF_2024_MegaScale_20251124
2025-11-24 17:57:00,233 - INFO - [IF_2024_MegaScale_20251124] 獲取鎖，開始執行 OLMoCR
2025-11-24 18:06:47,399 - INFO - [IF_2024_MegaScale_20251124] 結果已移動到臨時工作區: outputs/temp/IF_2024_MegaScale_20251124
2025-11-24 18:06:47,399 - INFO - [IF_2024_MegaScale_20251124] 釋放鎖
2025-11-24 18:06:47,405 - INFO - 處理完成: 2024_MegaScale.pdf
2025-11-24 18:06:47,406 - INFO - 已清理臨時工作區: outputs/temp/IF_2024_MegaScale_20251124
2025-11-24 18:25:13,334 - INFO - 找到 8 個 PDF 文件
2025-11-24 18:25:13,334 - INFO - 輸出目錄: .
2025-11-24 18:25:13,334 - INFO - 分類代碼: MM
2025-11-24 18:25:13,334 - INFO - 最大並行數: 4
2025-11-24 18:25:13,334 - INFO - 開始處理: 2021_CLIP.pdf -> MM_2021_CLIP_20251124
2025-11-24 18:25:13,334 - INFO - [MM_2021_CLIP_20251124] 獲取鎖，開始執行 OLMoCR
2025-11-24 18:25:13,334 - INFO - 開始處理: 2014_DeepVideo.pdf -> MM_2014_DeepVideo_20251124
2025-11-24 18:25:13,335 - INFO - 開始處理: 2020_DDPM.pdf -> MM_2020_DDPM_20251124
2025-11-24 18:25:13,335 - INFO - 開始處理: 2022_DiT.pdf -> MM_2022_DiT_20251124
2025-11-24 18:25:49,172 - INFO - 找到 8 個 PDF 文件
2025-11-24 18:25:49,172 - INFO - 輸出目錄: .
2025-11-24 18:25:49,172 - INFO - 分類代碼: LM
2025-11-24 18:25:49,172 - INFO - 最大並行數: 1
2025-11-24 18:25:49,173 - INFO - 開始處理: 2024_TULU_3.pdf -> LM_2024_TULU_3_20251124
2025-11-24 18:25:49,173 - INFO - [LM_2024_TULU_3_20251124] 獲取鎖，開始執行 OLMoCR
2025-11-24 18:27:26,554 - INFO - [LM_2024_TULU_3_20251124] 結果已移動到臨時工作區: outputs/temp/LM_2024_TULU_3_20251124
2025-11-24 18:27:26,554 - INFO - [LM_2024_TULU_3_20251124] 釋放鎖
2025-11-24 18:27:26,555 - WARNING - [LM_2024_TULU_3_20251124] 在臨時工作區中未找到 results 目錄: outputs/temp/LM_2024_TULU_3_20251124/workspace/results
2025-11-24 18:27:26,555 - INFO - 處理完成: 2024_TULU_3.pdf
2025-11-24 18:27:26,556 - INFO - 已清理臨時工作區: outputs/temp/LM_2024_TULU_3_20251124
2025-11-24 18:27:26,556 - INFO - 開始處理: 2013_Word2Vec.pdf -> LM_2013_Word2Vec_20251124
2025-11-24 18:27:26,556 - INFO - [LM_2013_Word2Vec_20251124] 獲取鎖，開始執行 OLMoCR
2025-11-24 18:29:02,793 - INFO - [LM_2013_Word2Vec_20251124] 結果已移動到臨時工作區: outputs/temp/LM_2013_Word2Vec_20251124
2025-11-24 18:29:02,793 - INFO - [LM_2013_Word2Vec_20251124] 釋放鎖
2025-11-24 18:29:02,794 - WARNING - [LM_2013_Word2Vec_20251124] 在臨時工作區中未找到 results 目錄: outputs/temp/LM_2013_Word2Vec_20251124/workspace/results
2025-11-24 18:29:02,794 - INFO - 處理完成: 2013_Word2Vec.pdf
2025-11-24 18:29:02,795 - INFO - 已清理臨時工作區: outputs/temp/LM_2013_Word2Vec_20251124
2025-11-24 18:29:02,795 - INFO - 開始處理: 2018_GPT_1.pdf -> LM_2018_GPT_1_20251124
2025-11-24 18:29:02,795 - INFO - [LM_2018_GPT_1_20251124] 獲取鎖，開始執行 OLMoCR
2025-11-24 18:30:40,434 - INFO - [LM_2018_GPT_1_20251124] 結果已移動到臨時工作區: outputs/temp/LM_2018_GPT_1_20251124
2025-11-24 18:30:40,434 - INFO - [LM_2018_GPT_1_20251124] 釋放鎖
2025-11-24 18:30:40,435 - WARNING - [LM_2018_GPT_1_20251124] 在臨時工作區中未找到 results 目錄: outputs/temp/LM_2018_GPT_1_20251124/workspace/results
2025-11-24 18:30:40,435 - INFO - 處理完成: 2018_GPT_1.pdf
2025-11-24 18:30:40,436 - INFO - 已清理臨時工作區: outputs/temp/LM_2018_GPT_1_20251124
2025-11-24 18:30:40,436 - INFO - 開始處理: 2016_Google_NMT.pdf -> LM_2016_Google_NMT_20251124
2025-11-24 18:30:40,436 - INFO - [LM_2016_Google_NMT_20251124] 獲取鎖，開始執行 OLMoCR
2025-11-24 18:32:18,099 - INFO - [LM_2016_Google_NMT_20251124] 結果已移動到臨時工作區: outputs/temp/LM_2016_Google_NMT_20251124
2025-11-24 18:32:18,100 - INFO - [LM_2016_Google_NMT_20251124] 釋放鎖
2025-11-24 18:32:18,100 - WARNING - [LM_2016_Google_NMT_20251124] 在臨時工作區中未找到 results 目錄: outputs/temp/LM_2016_Google_NMT_20251124/workspace/results
2025-11-24 18:32:18,101 - INFO - 處理完成: 2016_Google_NMT.pdf
2025-11-24 18:32:18,101 - INFO - 已清理臨時工作區: outputs/temp/LM_2016_Google_NMT_20251124
2025-11-24 18:32:18,101 - INFO - 開始處理: 2018_BERT.pdf -> LM_2018_BERT_20251124
2025-11-24 18:32:18,101 - INFO - [LM_2018_BERT_20251124] 獲取鎖，開始執行 OLMoCR
2025-11-24 18:32:42,244 - INFO - 已清理臨時工作區: outputs/temp/LM_2018_BERT_20251124
2025-11-24 18:32:47,812 - ERROR - [MM_2021_CLIP_20251124] 處理失敗: Traceback (most recent call last):
  File "/home/os-sunnie.gd.weng/python_workstation/side-project/RAG/RAG_full_tech_overview/multimodel-RAG/03-advanced-tools/olmocr/demo.py", line 161, in <module>
    main()
  File "/home/os-sunnie.gd.weng/python_workstation/side-project/RAG/RAG_full_tech_overview/multimodel-RAG/03-advanced-tools/olmocr/demo.py", line 145, in main
    result = convert_pdf_v046(pdf_path)
             ^^^^^^^^^^^^^^^^^^^^^^^^^^
  File "/home/os-sunnie.gd.weng/python_workstation/side-project/RAG/RAG_full_tech_overview/multimodel-RAG/03-advanced-tools/olmocr/demo.py", line 53, in convert_pdf_v046
    result = subprocess.run(cmd,
             ^^^^^^^^^^^^^^^^^^^
  File "/home/os-sunnie.gd.weng/.local/share/uv/python/cpython-3.11.13-linux-x86_64-gnu/lib/python3.11/subprocess.py", line 550, in run
    stdout, stderr = process.communicate(input, timeout=timeout)
                     ^^^^^^^^^^^^^^^^^^^^^^^^^^^^^^^^^^^^^^^^^^^
  File "/home/os-sunnie.gd.weng/.local/share/uv/python/cpython-3.11.13-linux-x86_64-gnu/lib/python3.11/subprocess.py", line 1209, in communicate
    stdout, stderr = self._communicate(input, endtime, timeout)
                     ^^^^^^^^^^^^^^^^^^^^^^^^^^^^^^^^^^^^^^^^^^
  File "/home/os-sunnie.gd.weng/.local/share/uv/python/cpython-3.11.13-linux-x86_64-gnu/lib/python3.11/subprocess.py", line 2115, in _communicate
    ready = selector.select(timeout)
            ^^^^^^^^^^^^^^^^^^^^^^^^
  File "/home/os-sunnie.gd.weng/.local/share/uv/python/cpython-3.11.13-linux-x86_64-gnu/lib/python3.11/selectors.py", line 415, in select
    fd_event_list = self._selector.poll(timeout)
                    ^^^^^^^^^^^^^^^^^^^^^^^^^^^^
KeyboardInterrupt

2025-11-24 18:32:47,812 - INFO - [MM_2014_DeepVideo_20251124] 獲取鎖，開始執行 OLMoCR
2025-11-24 18:32:47,813 - INFO - 已清理臨時工作區: outputs/temp/MM_2021_CLIP_20251124
2025-11-24 18:32:47,813 - INFO - 開始處理: 2014_Two_Stream_CNN.pdf -> MM_2014_Two_Stream_CNN_20251124
2025-11-24 18:32:57,413 - ERROR - [MM_2014_DeepVideo_20251124] 處理失敗: Traceback (most recent call last):
  File "/home/os-sunnie.gd.weng/python_workstation/side-project/RAG/RAG_full_tech_overview/multimodel-RAG/03-advanced-tools/olmocr/demo.py", line 161, in <module>
    main()
  File "/home/os-sunnie.gd.weng/python_workstation/side-project/RAG/RAG_full_tech_overview/multimodel-RAG/03-advanced-tools/olmocr/demo.py", line 145, in main
    result = convert_pdf_v046(pdf_path)
             ^^^^^^^^^^^^^^^^^^^^^^^^^^
  File "/home/os-sunnie.gd.weng/python_workstation/side-project/RAG/RAG_full_tech_overview/multimodel-RAG/03-advanced-tools/olmocr/demo.py", line 53, in convert_pdf_v046
    result = subprocess.run(cmd,
             ^^^^^^^^^^^^^^^^^^^
  File "/home/os-sunnie.gd.weng/.local/share/uv/python/cpython-3.11.13-linux-x86_64-gnu/lib/python3.11/subprocess.py", line 550, in run
    stdout, stderr = process.communicate(input, timeout=timeout)
                     ^^^^^^^^^^^^^^^^^^^^^^^^^^^^^^^^^^^^^^^^^^^
  File "/home/os-sunnie.gd.weng/.local/share/uv/python/cpython-3.11.13-linux-x86_64-gnu/lib/python3.11/subprocess.py", line 1209, in communicate
    stdout, stderr = self._communicate(input, endtime, timeout)
                     ^^^^^^^^^^^^^^^^^^^^^^^^^^^^^^^^^^^^^^^^^^
  File "/home/os-sunnie.gd.weng/.local/share/uv/python/cpython-3.11.13-linux-x86_64-gnu/lib/python3.11/subprocess.py", line 2115, in _communicate
    ready = selector.select(timeout)
            ^^^^^^^^^^^^^^^^^^^^^^^^
  File "/home/os-sunnie.gd.weng/.local/share/uv/python/cpython-3.11.13-linux-x86_64-gnu/lib/python3.11/selectors.py", line 415, in select
    fd_event_list = self._selector.poll(timeout)
                    ^^^^^^^^^^^^^^^^^^^^^^^^^^^^
KeyboardInterrupt

2025-11-24 18:32:57,413 - INFO - 已清理臨時工作區: outputs/temp/MM_2014_DeepVideo_20251124
2025-11-24 18:32:57,413 - INFO - [MM_2020_DDPM_20251124] 獲取鎖，開始執行 OLMoCR
2025-11-24 18:32:57,413 - INFO - 開始處理: 2015_GAN.pdf -> MM_2015_GAN_20251124
2025-11-24 18:33:33,930 - INFO - 找到 8 個 PDF 文件
2025-11-24 18:33:33,930 - INFO - 輸出目錄: .
2025-11-24 18:33:33,930 - INFO - 分類代碼: MM
2025-11-24 18:33:33,930 - INFO - 最大並行數: 1
2025-11-24 18:33:33,930 - INFO - 開始處理: 2021_CLIP.pdf -> MM_2021_CLIP_20251124
2025-11-24 18:33:33,930 - INFO - [MM_2021_CLIP_20251124] 獲取鎖，開始執行 OLMoCR
2025-11-24 18:34:13,348 - INFO - 找到 8 個 PDF 文件
2025-11-24 18:34:13,348 - INFO - 輸出目錄: .
2025-11-24 18:34:13,348 - INFO - 分類代碼: LM
2025-11-24 18:34:13,348 - INFO - 最大並行數: 1
2025-11-24 18:34:13,348 - INFO - 開始處理: 2024_TULU_3.pdf -> LM_2024_TULU_3_20251124
2025-11-24 18:34:13,349 - INFO - [LM_2024_TULU_3_20251124] 獲取鎖，開始執行 OLMoCR
2025-11-24 18:35:50,152 - INFO - [LM_2024_TULU_3_20251124] 結果已移動到臨時工作區: outputs/temp/LM_2024_TULU_3_20251124
2025-11-24 18:35:50,152 - INFO - [LM_2024_TULU_3_20251124] 釋放鎖
2025-11-24 18:35:50,154 - WARNING - [LM_2024_TULU_3_20251124] 在臨時工作區中未找到 results 目錄: outputs/temp/LM_2024_TULU_3_20251124/workspace/results
2025-11-24 18:35:50,154 - INFO - 處理完成: 2024_TULU_3.pdf
2025-11-24 18:35:50,155 - INFO - 已清理臨時工作區: outputs/temp/LM_2024_TULU_3_20251124
2025-11-24 18:35:50,155 - INFO - 開始處理: 2013_Word2Vec.pdf -> LM_2013_Word2Vec_20251124
2025-11-24 18:35:50,155 - INFO - [LM_2013_Word2Vec_20251124] 獲取鎖，開始執行 OLMoCR
2025-11-24 18:36:34,153 - INFO - [MM_2021_CLIP_20251124] 結果已移動到臨時工作區: outputs/temp/MM_2021_CLIP_20251124
2025-11-24 18:36:34,153 - INFO - [MM_2021_CLIP_20251124] 釋放鎖
2025-11-24 18:36:34,159 - INFO - 處理完成: 2021_CLIP.pdf
2025-11-24 18:36:34,160 - INFO - 已清理臨時工作區: outputs/temp/MM_2021_CLIP_20251124
2025-11-24 18:36:34,160 - INFO - 開始處理: 2014_DeepVideo.pdf -> MM_2014_DeepVideo_20251124
2025-11-24 18:36:34,160 - INFO - [MM_2014_DeepVideo_20251124] 獲取鎖，開始執行 OLMoCR
2025-11-24 18:38:16,311 - INFO - [MM_2014_DeepVideo_20251124] 結果已移動到臨時工作區: outputs/temp/MM_2014_DeepVideo_20251124
2025-11-24 18:38:16,311 - INFO - [MM_2014_DeepVideo_20251124] 釋放鎖
2025-11-24 18:38:16,312 - WARNING - [MM_2014_DeepVideo_20251124] 在臨時工作區中未找到 results 目錄: outputs/temp/MM_2014_DeepVideo_20251124/workspace/results
2025-11-24 18:38:16,312 - INFO - 處理完成: 2014_DeepVideo.pdf
2025-11-24 18:38:16,312 - INFO - 已清理臨時工作區: outputs/temp/MM_2014_DeepVideo_20251124
2025-11-24 18:38:16,312 - INFO - 開始處理: 2020_DDPM.pdf -> MM_2020_DDPM_20251124
2025-11-24 18:38:16,312 - INFO - [MM_2020_DDPM_20251124] 獲取鎖，開始執行 OLMoCR
2025-11-24 18:39:05,116 - INFO - 已清理臨時工作區: outputs/temp/MM_2020_DDPM_20251124
2025-11-24 18:39:06,435 - INFO - 已清理臨時工作區: outputs/temp/LM_2013_Word2Vec_20251124
2025-11-24 18:53:24,101 - INFO - 找到 5 個 PDF 文件
2025-11-24 18:53:24,101 - INFO - 輸出目錄: .
2025-11-24 18:53:24,101 - INFO - 分類代碼: IF
2025-11-24 18:53:24,101 - INFO - 最大並行數: 1
2025-11-24 18:53:24,101 - INFO - 檢查並創建必要的目錄結構...
2025-11-24 18:53:24,101 - INFO - 所有必要目錄已存在
2025-11-24 18:53:24,101 - INFO - 開始處理: 2022_LAION_5B.pdf -> IF_2022_LAION_5B_20251124
2025-11-24 18:53:24,101 - INFO - [IF_2022_LAION_5B_20251124] 獲取鎖，開始執行 OLMoCR
2025-11-24 19:07:09,301 - INFO - [IF_2022_LAION_5B_20251124] 結果已移動到臨時工作區: outputs/temp/IF_2022_LAION_5B_20251124
2025-11-24 19:07:09,302 - INFO - [IF_2022_LAION_5B_20251124] 釋放鎖
2025-11-24 19:07:09,307 - INFO - [IF_2022_LAION_5B_20251124] 成功處理 1 個 JSONL 文件
2025-11-24 19:07:09,308 - INFO - 處理完成: 2022_LAION_5B.pdf
2025-11-24 19:07:09,308 - INFO - 已清理臨時工作區: outputs/temp/IF_2022_LAION_5B_20251124
2025-11-24 19:07:09,308 - INFO - 開始處理: 2023_RefinedWeb.pdf -> IF_2023_RefinedWeb_20251124
2025-11-24 19:07:09,308 - INFO - [IF_2023_RefinedWeb_20251124] 獲取鎖，開始執行 OLMoCR
2025-11-24 19:19:00,335 - INFO - [IF_2023_RefinedWeb_20251124] 結果已移動到臨時工作區: outputs/temp/IF_2023_RefinedWeb_20251124
2025-11-24 19:19:00,335 - INFO - [IF_2023_RefinedWeb_20251124] 釋放鎖
2025-11-24 19:19:00,343 - INFO - [IF_2023_RefinedWeb_20251124] 成功處理 1 個 JSONL 文件
2025-11-24 19:19:00,344 - INFO - 處理完成: 2023_RefinedWeb.pdf
2025-11-24 19:19:00,345 - INFO - 已清理臨時工作區: outputs/temp/IF_2023_RefinedWeb_20251124
2025-11-24 19:19:00,345 - INFO - 開始處理: 2020_Scaling_Laws.pdf -> IF_2020_Scaling_Laws_20251124
2025-11-24 19:19:00,345 - INFO - [IF_2020_Scaling_Laws_20251124] 獲取鎖，開始執行 OLMoCR
2025-11-24 19:23:33,189 - INFO - [IF_2020_Scaling_Laws_20251124] 結果已移動到臨時工作區: outputs/temp/IF_2020_Scaling_Laws_20251124
2025-11-24 19:23:33,189 - INFO - [IF_2020_Scaling_Laws_20251124] 釋放鎖
2025-11-24 19:23:33,194 - INFO - [IF_2020_Scaling_Laws_20251124] 成功處理 1 個 JSONL 文件
2025-11-24 19:23:33,194 - INFO - 處理完成: 2020_Scaling_Laws.pdf
2025-11-24 19:23:33,195 - INFO - 已清理臨時工作區: outputs/temp/IF_2020_Scaling_Laws_20251124
2025-11-24 19:23:33,195 - INFO - 開始處理: 2019_ZeRO.pdf -> IF_2019_ZeRO_20251124
2025-11-24 19:23:33,195 - INFO - [IF_2019_ZeRO_20251124] 獲取鎖，開始執行 OLMoCR
2025-11-24 19:35:40,522 - INFO - [IF_2019_ZeRO_20251124] 結果已移動到臨時工作區: outputs/temp/IF_2019_ZeRO_20251124
2025-11-24 19:35:40,522 - INFO - [IF_2019_ZeRO_20251124] 釋放鎖
2025-11-24 19:35:40,528 - INFO - [IF_2019_ZeRO_20251124] 成功處理 1 個 JSONL 文件
2025-11-24 19:35:40,529 - INFO - 處理完成: 2019_ZeRO.pdf
2025-11-24 19:35:40,529 - INFO - 已清理臨時工作區: outputs/temp/IF_2019_ZeRO_20251124
2025-11-24 19:35:40,530 - INFO - 開始處理: 2024_MegaScale.pdf -> IF_2024_MegaScale_20251124
2025-11-24 19:35:40,530 - INFO - [IF_2024_MegaScale_20251124] 獲取鎖，開始執行 OLMoCR
2025-11-24 19:45:48,154 - INFO - [IF_2024_MegaScale_20251124] 結果已移動到臨時工作區: outputs/temp/IF_2024_MegaScale_20251124
2025-11-24 19:45:48,154 - INFO - [IF_2024_MegaScale_20251124] 釋放鎖
2025-11-24 19:45:48,159 - INFO - [IF_2024_MegaScale_20251124] 成功處理 1 個 JSONL 文件
2025-11-24 19:45:48,160 - INFO - 處理完成: 2024_MegaScale.pdf
2025-11-24 19:45:48,160 - INFO - 已清理臨時工作區: outputs/temp/IF_2024_MegaScale_20251124
2025-11-24 19:45:48,250 - INFO - 找到 10 個 PDF 文件
2025-11-24 19:45:48,250 - INFO - 輸出目錄: .
2025-11-24 19:45:48,250 - INFO - 分類代碼: MP
2025-11-24 19:45:48,250 - INFO - 最大並行數: 1
2025-11-24 19:45:48,250 - INFO - 檢查並創建必要的目錄結構...
2025-11-24 19:45:48,250 - INFO - 創建了 1 個目錄:
2025-11-24 19:45:48,250 - INFO -   ✓ outputs/processed_papers/MP
2025-11-24 19:45:48,250 - INFO - 開始處理: 2017_Transformer.pdf -> MP_2017_Transformer_20251124
2025-11-24 19:45:48,250 - INFO - [MP_2017_Transformer_20251124] 獲取鎖，開始執行 OLMoCR
2025-11-24 19:56:54,061 - INFO - [MP_2017_Transformer_20251124] 結果已移動到臨時工作區: outputs/temp/MP_2017_Transformer_20251124
2025-11-24 19:56:54,061 - INFO - [MP_2017_Transformer_20251124] 釋放鎖
2025-11-24 19:56:54,066 - INFO - [MP_2017_Transformer_20251124] 成功處理 1 個 JSONL 文件
2025-11-24 19:56:54,067 - INFO - 處理完成: 2017_Transformer.pdf
2025-11-24 19:56:54,067 - INFO - 已清理臨時工作區: outputs/temp/MP_2017_Transformer_20251124
2025-11-24 19:56:54,067 - INFO - 開始處理: 2022_Chain_of_Thought.pdf -> MP_2022_Chain_of_Thought_20251124
2025-11-24 19:56:54,067 - INFO - [MP_2022_Chain_of_Thought_20251124] 獲取鎖，開始執行 OLMoCR
2025-11-24 20:10:16,701 - INFO - [MP_2022_Chain_of_Thought_20251124] 結果已移動到臨時工作區: outputs/temp/MP_2022_Chain_of_Thought_20251124
2025-11-24 20:10:16,701 - INFO - [MP_2022_Chain_of_Thought_20251124] 釋放鎖
2025-11-24 20:10:16,707 - INFO - [MP_2022_Chain_of_Thought_20251124] 成功處理 1 個 JSONL 文件
2025-11-24 20:10:16,707 - INFO - 處理完成: 2022_Chain_of_Thought.pdf
2025-11-24 20:10:16,708 - INFO - 已清理臨時工作區: outputs/temp/MP_2022_Chain_of_Thought_20251124
2025-11-24 20:10:16,708 - INFO - 開始處理: 2015_ResNet.pdf -> MP_2015_ResNet_20251124
2025-11-24 20:10:16,708 - INFO - [MP_2015_ResNet_20251124] 獲取鎖，開始執行 OLMoCR
2025-11-24 20:23:30,146 - INFO - [MP_2015_ResNet_20251124] 結果已移動到臨時工作區: outputs/temp/MP_2015_ResNet_20251124
2025-11-24 20:23:30,146 - INFO - [MP_2015_ResNet_20251124] 釋放鎖
2025-11-24 20:23:30,151 - INFO - [MP_2015_ResNet_20251124] 成功處理 1 個 JSONL 文件
2025-11-24 20:23:30,152 - INFO - 處理完成: 2015_ResNet.pdf
2025-11-24 20:23:30,152 - INFO - 已清理臨時工作區: outputs/temp/MP_2015_ResNet_20251124
2025-11-24 20:23:30,152 - INFO - 開始處理: 2021_LoRA.pdf -> MP_2021_LoRA_20251124
2025-11-24 20:23:30,152 - INFO - [MP_2021_LoRA_20251124] 獲取鎖，開始執行 OLMoCR
2025-11-24 20:39:56,916 - INFO - [MP_2021_LoRA_20251124] 結果已移動到臨時工作區: outputs/temp/MP_2021_LoRA_20251124
2025-11-24 20:39:56,916 - INFO - [MP_2021_LoRA_20251124] 釋放鎖
2025-11-24 20:39:56,922 - INFO - [MP_2021_LoRA_20251124] 成功處理 1 個 JSONL 文件
2025-11-24 20:39:56,922 - INFO - 處理完成: 2021_LoRA.pdf
2025-11-24 20:39:56,922 - INFO - 已清理臨時工作區: outputs/temp/MP_2021_LoRA_20251124
2025-11-24 20:39:56,922 - INFO - 開始處理: 2017_AlphaGo_Zero.pdf -> MP_2017_AlphaGo_Zero_20251124
2025-11-24 20:39:56,922 - INFO - [MP_2017_AlphaGo_Zero_20251124] 獲取鎖，開始執行 OLMoCR
2025-11-24 20:40:05,324 - INFO - [MP_2017_AlphaGo_Zero_20251124] 結果已移動到臨時工作區: outputs/temp/MP_2017_AlphaGo_Zero_20251124
2025-11-24 20:40:05,324 - INFO - [MP_2017_AlphaGo_Zero_20251124] 釋放鎖
2025-11-24 20:40:05,324 - ERROR - 處理出錯 2017_AlphaGo_Zero.pdf: 未找到 results 目錄，OLMoCR 處理失敗: outputs/temp/MP_2017_AlphaGo_Zero_20251124/workspace/results
2025-11-24 20:40:05,325 - INFO - 已清理失敗的處理目錄: outputs/processed_papers/MP/MP_2017_AlphaGo_Zero_20251124
2025-11-24 20:40:05,325 - INFO - 已清理臨時工作區: outputs/temp/MP_2017_AlphaGo_Zero_20251124
2025-11-24 20:40:05,325 - INFO - 開始處理: 2022_ReAct.pdf -> MP_2022_ReAct_20251124
2025-11-24 20:40:05,325 - INFO - [MP_2022_ReAct_20251124] 獲取鎖，開始執行 OLMoCR
2025-11-24 20:45:45,134 - INFO - [MP_2022_ReAct_20251124] 結果已移動到臨時工作區: outputs/temp/MP_2022_ReAct_20251124
2025-11-24 20:45:45,134 - INFO - [MP_2022_ReAct_20251124] 釋放鎖
2025-11-24 20:45:45,140 - INFO - [MP_2022_ReAct_20251124] 成功處理 1 個 JSONL 文件
2025-11-24 20:45:45,141 - INFO - 處理完成: 2022_ReAct.pdf
2025-11-24 20:45:45,141 - INFO - 已清理臨時工作區: outputs/temp/MP_2022_ReAct_20251124
2025-11-24 20:45:45,141 - INFO - 開始處理: 2012_AlexNet.pdf -> MP_2012_AlexNet_20251124
2025-11-24 20:45:45,141 - INFO - [MP_2012_AlexNet_20251124] 獲取鎖，開始執行 OLMoCR
2025-11-24 20:48:28,267 - INFO - [MP_2012_AlexNet_20251124] 結果已移動到臨時工作區: outputs/temp/MP_2012_AlexNet_20251124
2025-11-24 20:48:28,267 - INFO - [MP_2012_AlexNet_20251124] 釋放鎖
2025-11-24 20:48:28,273 - INFO - [MP_2012_AlexNet_20251124] 成功處理 1 個 JSONL 文件
2025-11-24 20:48:28,274 - INFO - 處理完成: 2012_AlexNet.pdf
2025-11-24 20:48:28,274 - INFO - 已清理臨時工作區: outputs/temp/MP_2012_AlexNet_20251124
2025-11-24 20:48:28,275 - INFO - 開始處理: 2014_Seq2Seq.pdf -> MP_2014_Seq2Seq_20251124
2025-11-24 20:48:28,275 - INFO - [MP_2014_Seq2Seq_20251124] 獲取鎖，開始執行 OLMoCR
2025-11-24 20:50:59,715 - INFO - [MP_2014_Seq2Seq_20251124] 結果已移動到臨時工作區: outputs/temp/MP_2014_Seq2Seq_20251124
2025-11-24 20:50:59,715 - INFO - [MP_2014_Seq2Seq_20251124] 釋放鎖
2025-11-24 20:50:59,721 - INFO - [MP_2014_Seq2Seq_20251124] 成功處理 1 個 JSONL 文件
2025-11-24 20:50:59,721 - INFO - 處理完成: 2014_Seq2Seq.pdf
2025-11-24 20:50:59,721 - INFO - 已清理臨時工作區: outputs/temp/MP_2014_Seq2Seq_20251124
2025-11-24 20:50:59,721 - INFO - 開始處理: 2015_Knowledge_Distillation.pdf -> MP_2015_Knowledge_Distillation_20251124
2025-11-24 20:50:59,721 - INFO - [MP_2015_Knowledge_Distillation_20251124] 獲取鎖，開始執行 OLMoCR
2025-11-24 20:53:27,884 - INFO - [MP_2015_Knowledge_Distillation_20251124] 結果已移動到臨時工作區: outputs/temp/MP_2015_Knowledge_Distillation_20251124
2025-11-24 20:53:27,884 - INFO - [MP_2015_Knowledge_Distillation_20251124] 釋放鎖
2025-11-24 20:53:27,889 - INFO - [MP_2015_Knowledge_Distillation_20251124] 成功處理 1 個 JSONL 文件
2025-11-24 20:53:27,889 - INFO - 處理完成: 2015_Knowledge_Distillation.pdf
2025-11-24 20:53:27,890 - INFO - 已清理臨時工作區: outputs/temp/MP_2015_Knowledge_Distillation_20251124
2025-11-24 20:53:27,890 - INFO - 開始處理: 2017_MoE.pdf -> MP_2017_MoE_20251124
2025-11-24 20:53:27,890 - INFO - [MP_2017_MoE_20251124] 獲取鎖，開始執行 OLMoCR
2025-11-24 21:04:44,372 - INFO - [MP_2017_MoE_20251124] 結果已移動到臨時工作區: outputs/temp/MP_2017_MoE_20251124
2025-11-24 21:04:44,373 - INFO - [MP_2017_MoE_20251124] 釋放鎖
2025-11-24 21:04:44,378 - INFO - [MP_2017_MoE_20251124] 成功處理 1 個 JSONL 文件
2025-11-24 21:04:44,379 - INFO - 處理完成: 2017_MoE.pdf
2025-11-24 21:04:44,379 - INFO - 已清理臨時工作區: outputs/temp/MP_2017_MoE_20251124
2025-11-24 21:04:44,420 - INFO - 找到 8 個 PDF 文件
2025-11-24 21:04:44,420 - INFO - 輸出目錄: .
2025-11-24 21:04:44,420 - INFO - 分類代碼: MM
2025-11-24 21:04:44,420 - INFO - 最大並行數: 1
2025-11-24 21:04:44,421 - INFO - 檢查並創建必要的目錄結構...
2025-11-24 21:04:44,421 - INFO - 所有必要目錄已存在
2025-11-24 21:04:44,421 - INFO - 開始處理: 2021_CLIP.pdf -> MM_2021_CLIP_20251124
2025-11-24 21:04:44,421 - INFO - [MM_2021_CLIP_20251124] 獲取鎖，開始執行 OLMoCR
2025-11-24 21:22:30,497 - INFO - [MM_2021_CLIP_20251124] 結果已移動到臨時工作區: outputs/temp/MM_2021_CLIP_20251124
2025-11-24 21:22:30,497 - INFO - [MM_2021_CLIP_20251124] 釋放鎖
2025-11-24 21:22:30,503 - INFO - [MM_2021_CLIP_20251124] 成功處理 1 個 JSONL 文件
2025-11-24 21:22:30,504 - INFO - 處理完成: 2021_CLIP.pdf
2025-11-24 21:22:30,504 - INFO - 已清理臨時工作區: outputs/temp/MM_2021_CLIP_20251124
2025-11-24 21:22:30,504 - INFO - 開始處理: 2014_DeepVideo.pdf -> MM_2014_DeepVideo_20251124
2025-11-24 21:22:30,504 - INFO - [MM_2014_DeepVideo_20251124] 獲取鎖，開始執行 OLMoCR
2025-11-24 21:25:05,268 - INFO - [MM_2014_DeepVideo_20251124] 結果已移動到臨時工作區: outputs/temp/MM_2014_DeepVideo_20251124
2025-11-24 21:25:05,268 - INFO - [MM_2014_DeepVideo_20251124] 釋放鎖
2025-11-24 21:25:05,273 - INFO - [MM_2014_DeepVideo_20251124] 成功處理 1 個 JSONL 文件
2025-11-24 21:25:05,273 - INFO - 處理完成: 2014_DeepVideo.pdf
2025-11-24 21:25:05,274 - INFO - 已清理臨時工作區: outputs/temp/MM_2014_DeepVideo_20251124
2025-11-24 21:25:05,274 - INFO - 開始處理: 2020_DDPM.pdf -> MM_2020_DDPM_20251124
2025-11-24 21:25:05,274 - INFO - [MM_2020_DDPM_20251124] 獲取鎖，開始執行 OLMoCR
2025-11-24 21:35:58,671 - INFO - [MM_2020_DDPM_20251124] 結果已移動到臨時工作區: outputs/temp/MM_2020_DDPM_20251124
2025-11-24 21:35:58,671 - INFO - [MM_2020_DDPM_20251124] 釋放鎖
2025-11-24 21:35:58,677 - INFO - [MM_2020_DDPM_20251124] 成功處理 1 個 JSONL 文件
2025-11-24 21:35:58,677 - INFO - 處理完成: 2020_DDPM.pdf
2025-11-24 21:35:58,678 - INFO - 已清理臨時工作區: outputs/temp/MM_2020_DDPM_20251124
2025-11-24 21:35:58,678 - INFO - 開始處理: 2022_DiT.pdf -> MM_2022_DiT_20251124
2025-11-24 21:35:58,678 - INFO - [MM_2022_DiT_20251124] 獲取鎖，開始執行 OLMoCR
2025-11-24 21:47:05,365 - INFO - [MM_2022_DiT_20251124] 結果已移動到臨時工作區: outputs/temp/MM_2022_DiT_20251124
2025-11-24 21:47:05,365 - INFO - [MM_2022_DiT_20251124] 釋放鎖
2025-11-24 21:47:05,371 - INFO - [MM_2022_DiT_20251124] 成功處理 1 個 JSONL 文件
2025-11-24 21:47:05,371 - INFO - 處理完成: 2022_DiT.pdf
2025-11-24 21:47:05,372 - INFO - 已清理臨時工作區: outputs/temp/MM_2022_DiT_20251124
2025-11-24 21:47:05,372 - INFO - 開始處理: 2014_Two_Stream_CNN.pdf -> MM_2014_Two_Stream_CNN_20251124
2025-11-24 21:47:05,372 - INFO - [MM_2014_Two_Stream_CNN_20251124] 獲取鎖，開始執行 OLMoCR
2025-11-24 21:50:08,505 - INFO - [MM_2014_Two_Stream_CNN_20251124] 結果已移動到臨時工作區: outputs/temp/MM_2014_Two_Stream_CNN_20251124
2025-11-24 21:50:08,505 - INFO - [MM_2014_Two_Stream_CNN_20251124] 釋放鎖
2025-11-24 21:50:08,510 - INFO - [MM_2014_Two_Stream_CNN_20251124] 成功處理 1 個 JSONL 文件
2025-11-24 21:50:08,510 - INFO - 處理完成: 2014_Two_Stream_CNN.pdf
2025-11-24 21:50:08,511 - INFO - 已清理臨時工作區: outputs/temp/MM_2014_Two_Stream_CNN_20251124
2025-11-24 21:50:08,511 - INFO - 開始處理: 2015_GAN.pdf -> MM_2015_GAN_20251124
2025-11-24 21:50:08,511 - INFO - [MM_2015_GAN_20251124] 獲取鎖，開始執行 OLMoCR
2025-11-24 21:52:48,192 - INFO - [MM_2015_GAN_20251124] 結果已移動到臨時工作區: outputs/temp/MM_2015_GAN_20251124
2025-11-24 21:52:48,192 - INFO - [MM_2015_GAN_20251124] 釋放鎖
2025-11-24 21:52:48,197 - INFO - [MM_2015_GAN_20251124] 成功處理 1 個 JSONL 文件
2025-11-24 21:52:48,198 - INFO - 處理完成: 2015_GAN.pdf
2025-11-24 21:52:48,198 - INFO - 已清理臨時工作區: outputs/temp/MM_2015_GAN_20251124
2025-11-24 21:52:48,198 - INFO - 開始處理: 2022_Stable_Diffusion.pdf -> MM_2022_Stable_Diffusion_20251124
2025-11-24 21:52:48,198 - INFO - [MM_2022_Stable_Diffusion_20251124] 獲取鎖，開始執行 OLMoCR
2025-11-24 22:18:12,643 - INFO - [MM_2022_Stable_Diffusion_20251124] 結果已移動到臨時工作區: outputs/temp/MM_2022_Stable_Diffusion_20251124
2025-11-24 22:18:12,644 - INFO - [MM_2022_Stable_Diffusion_20251124] 釋放鎖
2025-11-24 22:18:12,650 - INFO - [MM_2022_Stable_Diffusion_20251124] 成功處理 1 個 JSONL 文件
2025-11-24 22:18:12,650 - INFO - 處理完成: 2022_Stable_Diffusion.pdf
2025-11-24 22:18:12,651 - INFO - 已清理臨時工作區: outputs/temp/MM_2022_Stable_Diffusion_20251124
2025-11-24 22:18:12,651 - INFO - 開始處理: 2020_ViT.pdf -> MM_2020_ViT_20251124
2025-11-24 22:18:12,651 - INFO - [MM_2020_ViT_20251124] 獲取鎖，開始執行 OLMoCR
2025-11-24 22:29:04,084 - INFO - [MM_2020_ViT_20251124] 結果已移動到臨時工作區: outputs/temp/MM_2020_ViT_20251124
2025-11-24 22:29:04,085 - INFO - [MM_2020_ViT_20251124] 釋放鎖
2025-11-24 22:29:04,090 - INFO - [MM_2020_ViT_20251124] 成功處理 1 個 JSONL 文件
2025-11-24 22:29:04,090 - INFO - 處理完成: 2020_ViT.pdf
2025-11-24 22:29:04,091 - INFO - 已清理臨時工作區: outputs/temp/MM_2020_ViT_20251124
2025-11-24 22:29:04,133 - INFO - 找到 8 個 PDF 文件
2025-11-24 22:29:04,134 - INFO - 輸出目錄: .
2025-11-24 22:29:04,134 - INFO - 分類代碼: LM
2025-11-24 22:29:04,134 - INFO - 最大並行數: 1
2025-11-24 22:29:04,134 - INFO - 檢查並創建必要的目錄結構...
2025-11-24 22:29:04,134 - INFO - 所有必要目錄已存在
2025-11-24 22:29:04,134 - INFO - 開始處理: 2024_TULU_3.pdf -> LM_2024_TULU_3_20251124
2025-11-24 22:29:04,134 - INFO - [LM_2024_TULU_3_20251124] 獲取鎖，開始執行 OLMoCR
2025-11-24 22:32:58,333 - INFO - [LM_2024_TULU_3_20251124] 結果已移動到臨時工作區: outputs/temp/LM_2024_TULU_3_20251124
2025-11-24 22:32:58,333 - INFO - [LM_2024_TULU_3_20251124] 釋放鎖
2025-11-24 22:32:58,340 - INFO - [LM_2024_TULU_3_20251124] 成功處理 1 個 JSONL 文件
2025-11-24 22:32:58,340 - INFO - 處理完成: 2024_TULU_3.pdf
2025-11-24 22:32:58,341 - INFO - 已清理臨時工作區: outputs/temp/LM_2024_TULU_3_20251124
2025-11-24 22:32:58,341 - INFO - 開始處理: 2013_Word2Vec.pdf -> LM_2013_Word2Vec_20251124
2025-11-24 22:32:58,341 - INFO - [LM_2013_Word2Vec_20251124] 獲取鎖，開始執行 OLMoCR
2025-11-24 22:43:36,055 - INFO - [LM_2013_Word2Vec_20251124] 結果已移動到臨時工作區: outputs/temp/LM_2013_Word2Vec_20251124
2025-11-24 22:43:36,055 - INFO - [LM_2013_Word2Vec_20251124] 釋放鎖
2025-11-24 22:43:36,061 - INFO - [LM_2013_Word2Vec_20251124] 成功處理 1 個 JSONL 文件
2025-11-24 22:43:36,061 - INFO - 處理完成: 2013_Word2Vec.pdf
2025-11-24 22:43:36,061 - INFO - 已清理臨時工作區: outputs/temp/LM_2013_Word2Vec_20251124
2025-11-24 22:43:36,062 - INFO - 開始處理: 2018_GPT_1.pdf -> LM_2018_GPT_1_20251124
2025-11-24 22:43:36,062 - INFO - [LM_2018_GPT_1_20251124] 獲取鎖，開始執行 OLMoCR
2025-11-24 22:46:43,308 - INFO - [LM_2018_GPT_1_20251124] 結果已移動到臨時工作區: outputs/temp/LM_2018_GPT_1_20251124
2025-11-24 22:46:43,308 - INFO - [LM_2018_GPT_1_20251124] 釋放鎖
2025-11-24 22:46:43,315 - INFO - [LM_2018_GPT_1_20251124] 成功處理 1 個 JSONL 文件
2025-11-24 22:46:43,315 - INFO - 處理完成: 2018_GPT_1.pdf
2025-11-24 22:46:43,316 - INFO - 已清理臨時工作區: outputs/temp/LM_2018_GPT_1_20251124
2025-11-24 22:46:43,316 - INFO - 開始處理: 2016_Google_NMT.pdf -> LM_2016_Google_NMT_20251124
2025-11-24 22:46:43,316 - INFO - [LM_2016_Google_NMT_20251124] 獲取鎖，開始執行 OLMoCR
2025-11-24 22:51:13,241 - INFO - [LM_2016_Google_NMT_20251124] 結果已移動到臨時工作區: outputs/temp/LM_2016_Google_NMT_20251124
2025-11-24 22:51:13,241 - INFO - [LM_2016_Google_NMT_20251124] 釋放鎖
2025-11-24 22:51:13,248 - INFO - [LM_2016_Google_NMT_20251124] 成功處理 1 個 JSONL 文件
2025-11-24 22:51:13,248 - INFO - 處理完成: 2016_Google_NMT.pdf
2025-11-24 22:51:13,248 - INFO - 已清理臨時工作區: outputs/temp/LM_2016_Google_NMT_20251124
2025-11-24 22:51:13,248 - INFO - 開始處理: 2018_BERT.pdf -> LM_2018_BERT_20251124
2025-11-24 22:51:13,248 - INFO - [LM_2018_BERT_20251124] 獲取鎖，開始執行 OLMoCR
2025-11-24 23:01:54,109 - INFO - [LM_2018_BERT_20251124] 結果已移動到臨時工作區: outputs/temp/LM_2018_BERT_20251124
2025-11-24 23:01:54,109 - INFO - [LM_2018_BERT_20251124] 釋放鎖
2025-11-24 23:01:54,116 - INFO - [LM_2018_BERT_20251124] 成功處理 1 個 JSONL 文件
2025-11-24 23:01:54,116 - INFO - 處理完成: 2018_BERT.pdf
2025-11-24 23:01:54,117 - INFO - 已清理臨時工作區: outputs/temp/LM_2018_BERT_20251124
2025-11-24 23:01:54,117 - INFO - 開始處理: 2020_GPT_3.pdf -> LM_2020_GPT_3_20251124
2025-11-24 23:01:54,117 - INFO - [LM_2020_GPT_3_20251124] 獲取鎖，開始執行 OLMoCR
2025-11-24 23:20:05,947 - INFO - [LM_2020_GPT_3_20251124] 結果已移動到臨時工作區: outputs/temp/LM_2020_GPT_3_20251124
2025-11-24 23:20:05,947 - INFO - [LM_2020_GPT_3_20251124] 釋放鎖
2025-11-24 23:20:05,955 - INFO - [LM_2020_GPT_3_20251124] 成功處理 1 個 JSONL 文件
2025-11-24 23:20:05,955 - INFO - 處理完成: 2020_GPT_3.pdf
2025-11-24 23:20:05,956 - INFO - 已清理臨時工作區: outputs/temp/LM_2020_GPT_3_20251124
2025-11-24 23:20:05,956 - INFO - 開始處理: 2022_InstructGPT.pdf -> LM_2022_InstructGPT_20251124
2025-11-24 23:20:05,956 - INFO - [LM_2022_InstructGPT_20251124] 獲取鎖，開始執行 OLMoCR
2025-11-24 23:36:44,740 - INFO - [LM_2022_InstructGPT_20251124] 結果已移動到臨時工作區: outputs/temp/LM_2022_InstructGPT_20251124
2025-11-24 23:36:44,740 - INFO - [LM_2022_InstructGPT_20251124] 釋放鎖
2025-11-24 23:36:44,748 - INFO - [LM_2022_InstructGPT_20251124] 成功處理 1 個 JSONL 文件
2025-11-24 23:36:44,748 - INFO - 處理完成: 2022_InstructGPT.pdf
2025-11-24 23:36:44,748 - INFO - 已清理臨時工作區: outputs/temp/LM_2022_InstructGPT_20251124
2025-11-24 23:36:44,749 - INFO - 開始處理: 2019_GPT_2.pdf -> LM_2019_GPT_2_20251124
2025-11-24 23:36:44,749 - INFO - [LM_2019_GPT_2_20251124] 獲取鎖，開始執行 OLMoCR
2025-11-24 23:48:10,756 - INFO - [LM_2019_GPT_2_20251124] 結果已移動到臨時工作區: outputs/temp/LM_2019_GPT_2_20251124
2025-11-24 23:48:10,756 - INFO - [LM_2019_GPT_2_20251124] 釋放鎖
2025-11-24 23:48:10,763 - INFO - [LM_2019_GPT_2_20251124] 成功處理 1 個 JSONL 文件
2025-11-24 23:48:10,763 - INFO - 處理完成: 2019_GPT_2.pdf
2025-11-24 23:48:10,764 - INFO - 已清理臨時工作區: outputs/temp/LM_2019_GPT_2_20251124
2025-11-25 11:38:03,657 - INFO - 輸出目錄: .
2025-11-25 11:38:03,657 - INFO - 分類代碼: MP
2025-11-25 11:38:03,657 - INFO - 最大並行數: 1
2025-11-25 11:38:03,657 - INFO - 檢查並創建必要的目錄結構...
2025-11-25 11:38:03,657 - INFO - 所有必要目錄已存在
2025-11-25 11:38:03,657 - INFO - 開始處理: 2017_AlphaGo_Zero.pdf -> MP_2017_AlphaGo_Zero_20251125
2025-11-25 11:38:03,657 - INFO - [MP_2017_AlphaGo_Zero_20251125] 獲取鎖，開始執行 OLMoCR
2025-11-25 11:38:23,222 - INFO - [MP_2017_AlphaGo_Zero_20251125] 結果已移動到臨時工作區: outputs/temp/MP_2017_AlphaGo_Zero_20251125
2025-11-25 11:38:23,223 - INFO - [MP_2017_AlphaGo_Zero_20251125] 釋放鎖
2025-11-25 11:38:23,223 - ERROR - 處理出錯 2017_AlphaGo_Zero.pdf: 未找到 results 目錄，OLMoCR 處理失敗: outputs/temp/MP_2017_AlphaGo_Zero_20251125/workspace/results
2025-11-25 11:38:23,223 - INFO - 已清理失敗的處理目錄: outputs/processed_papers/MP/MP_2017_AlphaGo_Zero_20251125
2025-11-25 11:38:23,224 - INFO - 已清理臨時工作區: outputs/temp/MP_2017_AlphaGo_Zero_20251125
2025-11-25 11:47:46,407 - INFO - 輸出目錄: .
2025-11-25 11:47:46,407 - INFO - 分類代碼: MP
2025-11-25 11:47:46,408 - INFO - 最大並行數: 1
2025-11-25 11:47:46,408 - INFO - 檢查並創建必要的目錄結構...
2025-11-25 11:47:46,408 - INFO - 所有必要目錄已存在
2025-11-25 11:47:46,408 - INFO - 開始處理: 2017_AlphaGo_Zero.pdf -> MP_2017_AlphaGo_Zero_20251125
2025-11-25 11:47:46,408 - INFO - [MP_2017_AlphaGo_Zero_20251125] 獲取鎖，開始執行 OLMoCR
2025-11-25 11:51:28,774 - INFO - [MP_2017_AlphaGo_Zero_20251125] 結果已移動到臨時工作區: outputs/temp/MP_2017_AlphaGo_Zero_20251125
2025-11-25 11:51:28,775 - INFO - [MP_2017_AlphaGo_Zero_20251125] 釋放鎖
2025-11-25 11:51:28,780 - INFO - [MP_2017_AlphaGo_Zero_20251125] 成功處理 1 個 JSONL 文件
2025-11-25 11:51:28,781 - INFO - 處理完成: 2017_AlphaGo_Zero.pdf
2025-11-25 11:51:28,781 - INFO - 已清理臨時工作區: outputs/temp/MP_2017_AlphaGo_Zero_20251125
